Archive member included because of file (symbol)

contiki-dcg-mcmote.a(rimeaddr.o)
                              obj_dcg-mcmote/contiki-mc1322x-main.o (rimeaddr_copy)
contiki-dcg-mcmote.a(nullmac.o)
                              obj_dcg-mcmote/contiki-mc1322x-main.o (nullmac_driver)
contiki-dcg-mcmote.a(nullrdc.o)
                              udp-sink.co (nullrdc_driver)
contiki-dcg-mcmote.a(mac.o)   contiki-dcg-mcmote.a(nullrdc.o) (mac_call_sent_callback)
contiki-dcg-mcmote.a(framer-802154.o)
                              contiki-dcg-mcmote.a(nullrdc.o) (framer_802154)
contiki-dcg-mcmote.a(rpl-dag.o)
                              udp-sink.co (rpl_get_dag)
contiki-dcg-mcmote.a(rpl-icmp6.o)
                              contiki-dcg-mcmote.a(rpl-dag.o) (dao_output)
contiki-dcg-mcmote.a(rpl-timers.o)
                              contiki-dcg-mcmote.a(rpl-dag.o) (rpl_schedule_dao)
contiki-dcg-mcmote.a(rpl-of-etx.o)
                              contiki-dcg-mcmote.a(rpl-dag.o) (rpl_of_etx)
contiki-dcg-mcmote.a(process.o)
                              obj_dcg-mcmote/contiki-mc1322x-main.o (process_init)
contiki-dcg-mcmote.a(autostart.o)
                              obj_dcg-mcmote/contiki-mc1322x-main.o (autostart_start)
contiki-dcg-mcmote.a(serial-line.o)
                              udp-sink.co (serial_line_init)
contiki-dcg-mcmote.a(memb.o)  contiki-dcg-mcmote.a(rpl-dag.o) (memb_alloc)
contiki-dcg-mcmote.a(list.o)  contiki-dcg-mcmote.a(rpl-dag.o) (list_init)
contiki-dcg-mcmote.a(etimer.o)
                              contiki-dcg-mcmote.a(rpl-timers.o) (etimer_expired)
contiki-dcg-mcmote.a(ctimer.o)
                              contiki-dcg-mcmote.a(rpl-dag.o) (ctimer_stop)
contiki-dcg-mcmote.a(stimer.o)
                              contiki-dcg-mcmote.a(rpl-icmp6.o) (stimer_set)
contiki-dcg-mcmote.a(random.o)
                              obj_dcg-mcmote/collect-common.o (random_rand)
contiki-dcg-mcmote.a(ringbuf.o)
                              contiki-dcg-mcmote.a(serial-line.o) (ringbuf_init)
contiki-dcg-mcmote.a(uip-debug.o)
                              udp-sink.co (uip_debug_ipaddr_print)
contiki-dcg-mcmote.a(packetbuf.o)
                              contiki-dcg-mcmote.a(framer-802154.o) (packetbuf_hdrreduce)
contiki-dcg-mcmote.a(queuebuf.o)
                              obj_dcg-mcmote/contiki-mc1322x-main.o (queuebuf_init)
contiki-dcg-mcmote.a(uip6.o)  contiki-dcg-mcmote.a(rpl-icmp6.o) (uip_ext_len)
contiki-dcg-mcmote.a(tcpip.o)
                              contiki-dcg-mcmote.a(uip6.o) (tcpip_uipcall)
contiki-dcg-mcmote.a(uip-icmp6.o)
                              contiki-dcg-mcmote.a(rpl-icmp6.o) (uip_icmp6_send)
contiki-dcg-mcmote.a(uip-nd6.o)
                              contiki-dcg-mcmote.a(uip6.o) (uip_nd6_na_input)
contiki-dcg-mcmote.a(sicslowpan.o)
                              obj_dcg-mcmote/contiki-mc1322x-main.o (sicslowpan_driver)
contiki-dcg-mcmote.a(neighbor-info.o)
                              contiki-dcg-mcmote.a(sicslowpan.o) (neighbor_info_packet_received)
contiki-dcg-mcmote.a(uip-ds6.o)
                              contiki-dcg-mcmote.a(rpl-dag.o) (uip_ds6_defrt_rm)
contiki-dcg-mcmote.a(clock.o)
                              obj_dcg-mcmote/contiki-mc1322x-main.o (clock_init)
contiki-dcg-mcmote.a(button-sensor.o)
                              udp-sink.co (button_sensor)
contiki-dcg-mcmote.a(sensors.o)
                              contiki-dcg-mcmote.a(button-sensor.o) (sensors_changed)
contiki-dcg-mcmote.a(watchdog.o)
                              contiki-dcg-mcmote.a(sicslowpan.o) (watchdog_periodic)
contiki-dcg-mcmote.a(contiki-crm.o)
                              obj_dcg-mcmote/contiki-mc1322x-main.o (cal_ring_osc)
contiki-dcg-mcmote.a(contiki-maca.o)
                              contiki-dcg-mcmote.a(nullrdc.o) (contiki_maca_driver)
contiki-dcg-mcmote.a(contiki-misc.o)
                              contiki-dcg-mcmote.a(random.o) (srand)
contiki-dcg-mcmote.a(leds.o)  contiki-dcg-mcmote.a(clock.o) (leds_toggle)
contiki-dcg-mcmote.a(contiki-uart.o)
                              udp-sink.co (uart1_set_input)
contiki-dcg-mcmote.a(dbg-printf.o)
                              udp-sink.co (printf)
contiki-dcg-mcmote.a(strformat.o)
                              contiki-dcg-mcmote.a(dbg-printf.o) (format_str_v)
contiki-dcg-mcmote.a(maca.o)  contiki-dcg-mcmote.a(contiki-maca.o) (free_packet)
contiki-dcg-mcmote.a(nvm.o)   obj_dcg-mcmote/contiki-mc1322x-main.o (nvm_detect)
contiki-dcg-mcmote.a(uart1.o)
                              obj_dcg-mcmote/contiki-mc1322x-main.o (uart1_getc)
contiki-dcg-mcmote.a(default_lowleve)
                              obj_dcg-mcmote/contiki-mc1322x-main.o (default_vreg_init)
contiki-dcg-mcmote.a(isr.o)   obj_dcg-mcmote/start.o (irq)
contiki-dcg-mcmote.a(frame802154.o)
                              contiki-dcg-mcmote.a(framer-802154.o) (frame802154_parse)
contiki-dcg-mcmote.a(rpl.o)   contiki-dcg-mcmote.a(tcpip.o) (rpl_init)
contiki-dcg-mcmote.a(timer.o)
[...]
Memory Configuration

Name             Origin             Length             Attributes
ram              0x00400000         0x00018000         xrw
*default*        0x00000000         0xffffffff

Linker script and memory map

LOAD udp-sink.co
LOAD obj_dcg-mcmote/collect-common.o
LOAD obj_dcg-mcmote/contiki-mc1322x-main.o
LOAD obj_dcg-mcmote/start.o
LOAD obj_dcg-mcmote/symbols.o
LOAD contiki-dcg-mcmote.a
LOAD contiki-dcg-mcmote.a
START GROUP
LOAD /opt/local/CodeSourcery/Sourcery_G++_Lite/bin/../lib/gcc/arm-none-eabi/4.3.2/libgcc.a
LOAD /opt/local/CodeSourcery/Sourcery_G++_Lite/bin/../lib/gcc/arm-none-eabi/4.3.2/../../../../arm-none-eabi/lib/libc.a
END GROUP
                0x00000400                SYS_STACK_SIZE = 0x400
                0x00000100                IRQ_STACK_SIZE = 0x100
                0x00000100                FIQ_STACK_SIZE = 0x100
                0x00000100                SVC_STACK_SIZE = 0x100
                0x00000010                ABT_STACK_SIZE = 0x10
                0x00000010                UND_STACK_SIZE = 0x10
                0x00001000                HEAP_SIZE = 0x1000
                0x00400000                PROVIDE (__executable_start, 0x400000)
                0x00400000                . = 0x400000

.text           0x00400000     0xc9f0
 *(.start)
 .start         0x00400000      0x8b4 obj_dcg-mcmote/start.o
                0x00400890                _bss_start
                0x00400894                _bss_end
                0x00400000                _start
 *(.irq)
 .irq           0x004008b4      0x1e8 contiki-dcg-mcmote.a(isr.o)
                0x004008b4                irq
 *(.text .stub .text.* .gnu.linkonce.t.*)
 .text          0x00400a9c      0x24c udp-sink.co
                0x00400ab0                .real_start_ofcollect_common_send
                0x00400a9c                collect_common_set_sink
                0x00400cc4                .real_start_ofcollect_common_net_init
                0x00400aa4                .real_start_ofcollect_common_set_sink
                0x00400ab4                collect_common_net_print
                0x00400cbc                collect_common_net_init
                0x00400abc                .real_start_ofcollect_common_net_print
                0x00400aa8                collect_common_send
 .text          0x00400ce8      0x260 obj_dcg-mcmote/collect-common.o
                0x00400ce8                collect_common_set_send_active
                0x00400cf0                .real_start_ofcollect_common_set_send_active
                0x00400eac                .real_start_ofcollect_common_recv
                0x00400ea4                collect_common_recv
 .text          0x00400f48      0x478 obj_dcg-mcmote/contiki-mc1322x-main.o
                0x00400fac                .real_start_ofuip_log
                0x00400fc0                set_rimeaddr
                0x00401114                .real_start_ofmain
                0x00401080                init_lowlevel
                0x00400f80                .real_start_ofoui_to_eui64
                0x00400f78                oui_to_eui64
                0x00400f50                .real_start_ofiab_to_eui64
                0x0040110c                main
                0x00400fa4                uip_log
                0x00400f48                iab_to_eui64
                0x00400fc8                .real_start_ofset_rimeaddr
                0x00401088                .real_start_ofinit_lowlevel
 .text          0x004013c0        0x0 obj_dcg-mcmote/start.o
 .text          0x004013c0        0x0 obj_dcg-mcmote/symbols.o
 .text          0x004013c0       0x64 contiki-dcg-mcmote.a(rimeaddr.o)
                0x00401408                rimeaddr_set_node_addr
                0x004013e4                .real_start_ofrimeaddr_cmp
                0x00401410                .real_start_ofrimeaddr_set_node_addr
                0x004013c0                rimeaddr_copy
                0x004013c8                .real_start_ofrimeaddr_copy
                0x004013dc                rimeaddr_cmp
 .text          0x00401424       0x58 contiki-dcg-mcmote.a(nullmac.o)
 .text          0x0040147c      0x188 contiki-dcg-mcmote.a(nullrdc.o)
 .text          0x00401604       0x24 contiki-dcg-mcmote.a(mac.o)
                0x0040160c                .real_start_ofmac_call_sent_callback
                0x00401604                mac_call_sent_callback
 .text          0x00401628      0x1dc contiki-dcg-mcmote.a(framer-802154.o)
 .text          0x00401804      0x8e8 contiki-dcg-mcmote.a(rpl-dag.o)
                0x00401c30                .real_start_ofrpl_process_parent_event
                0x00401960                rpl_remove_parent
                0x00401ffc                .real_start_ofrpl_free_dag
                0x004018fc                .real_start_ofrpl_repair_dag
                0x004018d4                rpl_find_of
                0x00401fac                rpl_recalculate_ranks
                0x00401ac4                .real_start_ofrpl_alloc_dag
                0x00401a6c                rpl_set_prefix
                0x00401884                .real_start_ofrpl_get_dag
                0x004018f4                rpl_repair_dag
                0x00401ff4                rpl_free_dag
                0x00401abc                rpl_alloc_dag
                0x00401930                .real_start_ofrpl_find_parent
                0x00402038                rpl_set_root
                0x00401b20                .real_start_ofrpl_set_default_route
                0x00401c28                rpl_process_parent_event
                0x00401b68                .real_start_ofrpl_select_parent
                0x00401fb4                .real_start_ofrpl_recalculate_ranks
                0x00401a10                rpl_add_parent
                0x00402040                .real_start_ofrpl_set_root
                0x00401cac                rpl_process_dio
                0x0040187c                rpl_get_dag
                0x00401a74                .real_start_ofrpl_set_prefix
                0x004019e8                rpl_local_repair
                0x00401968                .real_start_ofrpl_remove_parent
                0x00401928                rpl_find_parent
                0x00401a18                .real_start_ofrpl_add_parent
                0x004018dc                .real_start_ofrpl_find_of
                0x00401b60                rpl_select_parent
                0x00401cb4                .real_start_ofrpl_process_dio
                0x004019f0                .real_start_ofrpl_local_repair
                0x00401b18                rpl_set_default_route
 .text          0x004020ec      0x7cc contiki-dcg-mcmote.a(rpl-icmp6.o)
                0x0040213c                dao_ack_output
                0x00402490                .real_start_ofuip_rpl_input
                0x00402864                .real_start_ofdis_output
                0x00402288                .real_start_ofdio_output
                0x00402280                dio_output
                0x00402488                uip_rpl_input
                0x00402178                dao_output
                0x00402144                .real_start_ofdao_ack_output
                0x0040285c                dis_output
                0x00402180                .real_start_ofdao_output
 .text          0x004028b8      0x234 contiki-dcg-mcmote.a(rpl-timers.o)
                0x004029a8                .real_start_ofrpl_reset_periodic_timer
                0x004028c0                .real_start_ofrpl_schedule_dao
                0x0040296c                .real_start_ofrpl_reset_dio_timer
                0x00402964                rpl_reset_dio_timer
                0x004029a0                rpl_reset_periodic_timer
                0x004028b8                rpl_schedule_dao
 .text          0x00402aec       0xec contiki-dcg-mcmote.a(rpl-of-etx.o)
 .text          0x00402bd8      0x2fc contiki-dcg-mcmote.a(process.o)
                0x00402d94                .real_start_ofprocess_post_synch
                0x00402db4                .real_start_ofprocess_start
                0x00402c2c                process_post
                0x00402be0                .real_start_ofprocess_alloc_event
                0x00402c14                process_nevents
                0x00402dac                process_start
                0x00402d8c                process_post_synch
                0x00402e24                .real_start_ofprocess_run
                0x00402ebc                .real_start_ofprocess_exit
                0x00402c7c                process_poll
                0x00402bd8                process_alloc_event
                0x00402eb4                process_exit
                0x00402c1c                .real_start_ofprocess_nevents
                0x00402ca8                process_is_running
                0x00402c84                .real_start_ofprocess_poll
                0x00402bf0                process_init
                0x00402c34                .real_start_ofprocess_post
                0x00402cb0                .real_start_ofprocess_is_running
                0x00402e1c                process_run
                0x00402bf8                .real_start_ofprocess_init
 .text          0x00402ed4       0x40 contiki-dcg-mcmote.a(autostart.o)
                0x00402efc                .real_start_ofautostart_start
                0x00402edc                .real_start_ofautostart_exit
                0x00402ed4                autostart_exit
                0x00402ef4                autostart_start
 .text          0x00402f14      0x124 contiki-dcg-mcmote.a(serial-line.o)
                0x00402fe4                .real_start_ofserial_line_input_byte
                0x00402fdc                serial_line_input_byte
                0x00402fb0                .real_start_ofserial_line_init
                0x00402fa8                serial_line_init
 .text          0x00403038       0xd8 contiki-dcg-mcmote.a(memb.o)
                0x00403040                .real_start_ofmemb_alloc
                0x004030ec                .real_start_ofmemb_init
                0x004030b8                .real_start_ofmemb_inmemb
                0x00403038                memb_alloc
                0x00403070                memb_free
                0x004030e4                memb_init
                0x004030b0                memb_inmemb
                0x00403078                .real_start_ofmemb_free
 .text          0x00403110      0x174 contiki-dcg-mcmote.a(list.o)
                0x00403254                .real_start_oflist_insert
                0x00403198                .real_start_oflist_pop
                0x0040312c                list_copy
                0x004031e4                list_push
                0x00403190                list_pop
                0x00403204                list_add
                0x00403230                list_length
                0x0040313c                list_tail
                0x0040320c                .real_start_oflist_add
                0x00403120                list_head
                0x0040324c                list_insert
                0x0040315c                list_chop
                0x004031b4                .real_start_oflist_remove
                0x00403134                .real_start_oflist_copy
                0x00403238                .real_start_oflist_length
                0x00403118                .real_start_oflist_init
                0x00403164                .real_start_oflist_chop
                0x00403270                list_item_next
                0x00403144                .real_start_oflist_tail
                0x00403110                list_init
                0x00403128                .real_start_oflist_head
                0x004031ec                .real_start_oflist_push
                0x00403278                .real_start_oflist_item_next
                0x004031ac                list_remove
 .text          0x00403284      0x268 contiki-dcg-mcmote.a(etimer.o)
                0x0040328c                .real_start_ofetimer_expired
                0x004032b4                etimer_pending
                0x004034b4                etimer_reset
                0x004032bc                .real_start_ofetimer_pending
                0x0040337c                .real_start_ofetimer_adjust
                0x004034d0                etimer_set
                0x00403374                etimer_adjust
                0x004034bc                .real_start_ofetimer_reset
                0x00403498                etimer_restart
                0x00403398                .real_start_ofetimer_request_poll
                0x004032a8                etimer_start_time
                0x004034d8                .real_start_ofetimer_set
                0x004032cc                etimer_next_expiration_time
                0x00403390                etimer_request_poll
                0x0040329c                .real_start_ofetimer_expiration_time
                0x00403294                etimer_expiration_time
                0x004032b0                .real_start_ofetimer_start_time
                0x00403330                etimer_stop
                0x004034a0                .real_start_ofetimer_restart
                0x00403284                etimer_expired
                0x00403338                .real_start_ofetimer_stop
                0x004032d4                .real_start_ofetimer_next_expiration_time
 .text          0x004034ec      0x214 contiki-dcg-mcmote.a(ctimer.o)
                0x00403630                ctimer_set
                0x004035e8                ctimer_restart
                0x004036d8                .real_start_ofctimer_init
                0x00403688                ctimer_reset
                0x004036d0                ctimer_init
                0x004035f0                .real_start_ofctimer_restart
                0x004035bc                .real_start_ofctimer_stop
                0x00403638                .real_start_ofctimer_set
                0x00403580                .real_start_ofctimer_expired
                0x00403578                ctimer_expired
                0x004035b4                ctimer_stop
                0x00403690                .real_start_ofctimer_reset
 .text          0x00403700       0xb0 contiki-dcg-mcmote.a(stimer.o)
                0x0040379c                .real_start_ofstimer_set
                0x00403714                stimer_elapsed
                0x00403784                .real_start_ofstimer_restart
                0x00403758                .real_start_ofstimer_expired
                0x0040371c                .real_start_ofstimer_elapsed
                0x00403730                stimer_remaining
                0x0040377c                stimer_restart
                0x00403738                .real_start_ofstimer_remaining
                0x00403708                .real_start_ofstimer_reset
                0x00403700                stimer_reset
                0x00403750                stimer_expired
                0x00403794                stimer_set
 .text          0x004037b0       0x2c contiki-dcg-mcmote.a(random.o)
                0x004037b0                random_rand
                0x004037b8                .real_start_ofrandom_rand
                0x004037d0                .real_start_ofrandom_init
                0x004037c8                random_init
 .text          0x004037dc       0xa4 contiki-dcg-mcmote.a(ringbuf.o)
                0x00403860                .real_start_ofringbuf_size
                0x004037dc                ringbuf_init
                0x00403868                ringbuf_elements
                0x004037f4                ringbuf_put
                0x00403828                ringbuf_get
                0x004037fc                .real_start_ofringbuf_put
                0x004037e4                .real_start_ofringbuf_init
                0x00403830                .real_start_ofringbuf_get
                0x00403870                .real_start_ofringbuf_elements
                0x00403858                ringbuf_size
 .text          0x00403880       0xa0 contiki-dcg-mcmote.a(uip-debug.o)
                0x00403880                uip_debug_lladdr_print
                0x004038bc                .real_start_ofuip_debug_ipaddr_print
                0x00403888                .real_start_ofuip_debug_lladdr_print
                0x004038b4                uip_debug_ipaddr_print
 .text          0x00403920      0x394 contiki-dcg-mcmote.a(packetbuf.o)
                0x00403af0                packetbuf_copyto
                0x004039cc                packetbuf_is_reference
                0x00403ac0                packetbuf_attr_copyto
                0x00403b7c                .real_start_ofpacketbuf_compact
                0x00403928                .real_start_ofpacketbuf_clear_hdr
                0x00403c7c                packetbuf_copyfrom
                0x00403934                packetbuf_hdr_remove
                0x00403998                .real_start_ofpacketbuf_dataptr
                0x004039d4                .real_start_ofpacketbuf_is_reference
                0x0040397c                packetbuf_set_datalen
                0x00403a60                .real_start_ofpacketbuf_hdralloc
                0x00403a04                packetbuf_datalen
                0x00403a8c                packetbuf_attr_copyfrom
                0x004039f0                packetbuf_reference_ptr
                0x00403c60                .real_start_ofpacketbuf_reference
                0x00403a94                .real_start_ofpacketbuf_attr_copyfrom
                0x00403920                packetbuf_clear_hdr
                0x00403b44                packetbuf_copyto_hdr
                0x00403a0c                .real_start_ofpacketbuf_datalen
                0x00403af8                .real_start_ofpacketbuf_copyto
                0x00403a34                packetbuf_totlen
                0x00403a3c                .real_start_ofpacketbuf_totlen
                0x00403954                .real_start_ofpacketbuf_hdrreduce
                0x00403c58                packetbuf_reference
                0x00403a58                packetbuf_hdralloc
                0x00403c30                .real_start_ofpacketbuf_clear
                0x00403a18                packetbuf_hdrlen
                0x004039b0                packetbuf_hdrptr
                0x0040393c                .real_start_ofpacketbuf_hdr_remove
                0x00403b4c                .real_start_ofpacketbuf_copyto_hdr
                0x004039b8                .real_start_ofpacketbuf_hdrptr
                0x00403bdc                .real_start_ofpacketbuf_attr_clear
                0x00403ac8                .real_start_ofpacketbuf_attr_copyto
                0x00403984                .real_start_ofpacketbuf_set_datalen
                0x004039f8                .real_start_ofpacketbuf_reference_ptr
                0x0040394c                packetbuf_hdrreduce
                0x00403990                packetbuf_dataptr
                0x00403b74                packetbuf_compact
                0x00403c28                packetbuf_clear
                0x00403c84                .real_start_ofpacketbuf_copyfrom
                0x00403bd4                packetbuf_attr_clear
                0x00403a20                .real_start_ofpacketbuf_hdrlen
 .text          0x00403cb4      0x1cc contiki-dcg-mcmote.a(queuebuf.o)
                0x00403cc0                queuebuf_addr
                0x00403cf4                queuebuf_dataptr
                0x00403cb4                queuebuf_datalen
                0x00403d34                .real_start_ofqueuebuf_to_packetbuf
                0x00403d98                queuebuf_free
                0x00403e5c                queuebuf_init
                0x00403ce8                queuebuf_debug_print
                0x00403cd4                queuebuf_attr
                0x00403df0                queuebuf_new_from_packetbuf
                0x00403dd4                queuebuf_update_attr_from_packetbuf
                0x00403cbc                .real_start_ofqueuebuf_datalen
                0x00403cf0                .real_start_ofqueuebuf_debug_print
                0x00403cdc                .real_start_ofqueuebuf_attr
                0x00403d2c                queuebuf_to_packetbuf
                0x00403da0                .real_start_ofqueuebuf_free
                0x00403e64                .real_start_ofqueuebuf_init
                0x00403cfc                .real_start_ofqueuebuf_dataptr
                0x00403cc8                .real_start_ofqueuebuf_addr
                0x00403ddc                .real_start_ofqueuebuf_update_attr_from_packetbuf
                0x00403df8                .real_start_ofqueuebuf_new_from_packetbuf
 .text          0x00403e80     0x1718 contiki-dcg-mcmote.a(uip6.o)
                0x00403f3c                uip_unlisten
                0x00403e80                uip_add32
                0x00403e88                .real_start_ofuip_add32
                0x004041c4                .real_start_ofuip_icmp6chksum
                0x00404300                uip_process
                0x00404010                .real_start_ofuip_connect
                0x00405454                uip_udp_new
                0x004041f4                uip_htonl
                0x00403f80                uip_listen
                0x00404224                .real_start_ofuip_send
                0x00405528                .real_start_ofuip_init
                0x004041bc                uip_icmp6chksum
                0x00403f44                .real_start_ofuip_unlisten
                0x00403ff0                uip_htons
                0x004041a4                uip_tcpchksum
                0x00404008                uip_connect
                0x004041fc                .real_start_ofuip_htonl
                0x004041ac                .real_start_ofuip_tcpchksum
                0x00404194                .real_start_ofuip_udpchksum
                0x00404308                .real_start_ofuip_process
                0x00403ff8                .real_start_ofuip_htons
                0x004041d4                uip_chksum
                0x00403f88                .real_start_ofuip_listen
                0x0040545c                .real_start_ofuip_udp_new
                0x004041dc                .real_start_ofuip_chksum
                0x00405520                uip_init
                0x0040418c                uip_udpchksum
                0x0040421c                uip_send
 .text          0x00405598      0x644 contiki-dcg-mcmote.a(tcpip.o)
                0x004055d0                tcp_attach
                0x00405b54                .real_start_oftcp_listen
                0x00405b08                udp_broadcast_new
                0x004055e8                udp_attach
                0x00405718                .real_start_oftcpip_input
                0x0040567c                tcpip_uipcall
                0x00405768                .real_start_oftcpip_poll_udp
                0x00405598                tcpip_output
                0x004055c4                .real_start_oftcpip_set_outputfunc
                0x004055a0                .real_start_oftcpip_output
                0x00405b4c                tcp_listen
                0x00405ae8                .real_start_ofudp_new
                0x00405608                .real_start_oftcp_unlisten
                0x00405740                tcpip_poll_tcp
                0x00405748                .real_start_oftcpip_poll_tcp
                0x00405ba8                tcp_connect
                0x00405780                tcpip_ipv6_output
                0x00405600                tcp_unlisten
                0x00405bb0                .real_start_oftcp_connect
                0x00405684                .real_start_oftcpip_uipcall
                0x00405710                tcpip_input
                0x004055d8                .real_start_oftcp_attach
                0x004055bc                tcpip_set_outputfunc
                0x00405788                .real_start_oftcpip_ipv6_output
                0x00405760                tcpip_poll_udp
                0x00405ae0                udp_new
                0x004055f0                .real_start_ofudp_attach
                0x00405b10                .real_start_ofudp_broadcast_new
 .text          0x00405bdc      0x294 contiki-dcg-mcmote.a(uip-icmp6.o)
                0x00405bdc                uip_icmp6_send
                0x00405c74                .real_start_ofuip_icmp6_echo_request_input
                0x00405be4                .real_start_ofuip_icmp6_send
                0x00405d30                .real_start_ofuip_icmp6_error_output
                0x00405d28                uip_icmp6_error_output
                0x00405c6c                uip_icmp6_echo_request_input
 .text          0x00405e70      0x610 contiki-dcg-mcmote.a(uip-nd6.o)
                0x004061a0                .real_start_ofuip_nd6_ns_input
                0x00406098                uip_nd6_ns_output
                0x004060a0                .real_start_ofuip_nd6_ns_output
                0x00405e70                uip_nd6_na_input
                0x00406198                uip_nd6_ns_input
                0x00405e78                .real_start_ofuip_nd6_na_input
 .text          0x00406480      0xe38 contiki-dcg-mcmote.a(sicslowpan.o)
                0x00406b80                sicslowpan_init
                0x00406b88                .real_start_ofsicslowpan_init
 .text          0x004072b8      0x164 contiki-dcg-mcmote.a(neighbor-info.o)
                0x004072f8                .real_start_ofneighbor_info_subscribe
                0x00407358                neighbor_info_packet_sent
                0x004072f0                neighbor_info_subscribe
                0x004072d0                .real_start_ofneighbor_info_get_metric
                0x00407334                .real_start_ofneighbor_info_packet_received
                0x00407360                .real_start_ofneighbor_info_packet_sent
                0x0040732c                neighbor_info_packet_received
                0x004072c8                neighbor_info_get_metric
 .text          0x0040741c      0xd14 contiki-dcg-mcmote.a(uip-ds6.o)
                0x00407a80                .real_start_ofuip_ds6_prefix_lookup
                0x00407820                uip_ds6_route_add
                0x004079ec                uip_ds6_maddr_add
                0x004077c8                .real_start_ofuip_ds6_list_loop
                0x004079cc                .real_start_ofuip_ds6_dad_failed
                0x004074e4                uip_ds6_maddr_rm
                0x00407b60                uip_ds6_nbr_lookup
                0x00407ba8                .real_start_ofuip_ds6_defrt_choose
                0x00407b68                .real_start_ofuip_ds6_nbr_lookup
                0x00407828                .real_start_ofuip_ds6_route_add
                0x00407614                uip_ds6_compute_reachable_time
                0x00407d54                uip_ds6_nbr_rm
                0x0040757c                .real_start_ofuip_ds6_select_src
                0x004076c0                uip_ds6_route_rm_by_nexthop
                0x0040788c                uip_ds6_aaddr_lookup
                0x004074fc                uip_ds6_aaddr_rm
                0x0040761c                .real_start_ofuip_ds6_compute_reachable_time
                0x0040751c                .real_start_ofuip_ds6_route_rm
                0x0040764c                uip_ds6_dad
                0x00407928                .real_start_ofuip_ds6_maddr_lookup
                0x00407cec                .real_start_ofuip_ds6_defrt_add
                0x00408028                .real_start_ofuip_ds6_init
                0x004079f4                .real_start_ofuip_ds6_maddr_add
                0x0040769c                uip_ds6_set_addr_iid
                0x00407654                .real_start_ofuip_ds6_dad
                0x00407434                uip_ds6_prefix_rm
                0x004074ec                .real_start_ofuip_ds6_maddr_rm
                0x0040752c                .real_start_ofget_match_length
                0x00408020                uip_ds6_init
                0x00407d70                uip_ds6_nbr_add
                0x00407514                uip_ds6_route_rm
                0x0040741c                uip_ds6_defrt_rm
                0x00407a48                .real_start_ofuip_ds6_addr_lookup
                0x00407968                .real_start_ofuip_ds6_addr_rm
                0x00407524                get_match_length
                0x004078cc                uip_ds6_aaddr_add
                0x00407504                .real_start_ofuip_ds6_aaddr_rm
                0x00407c08                uip_ds6_addr_add
                0x0040744c                uip_ds6_get_link_local
                0x004074a0                .real_start_ofuip_ds6_get_global
                0x00407b2c                .real_start_ofuip_ds6_defrt_lookup
                0x00407ce4                uip_ds6_defrt_add
                0x0040743c                .real_start_ofuip_ds6_prefix_rm
                0x00407ab4                uip_ds6_prefix_add
                0x004077c0                uip_ds6_list_loop
                0x004076c8                .real_start_ofuip_ds6_route_rm_by_nexthop
                0x00407960                uip_ds6_addr_rm
                0x00407920                uip_ds6_maddr_lookup
                0x00407b24                uip_ds6_defrt_lookup
                0x00407d78                .real_start_ofuip_ds6_nbr_add
                0x00407894                .real_start_ofuip_ds6_aaddr_lookup
                0x00407710                uip_ds6_route_lookup
                0x004079c4                uip_ds6_dad_failed
                0x00407a78                uip_ds6_prefix_lookup
                0x00407454                .real_start_ofuip_ds6_get_link_local
                0x00407ba0                uip_ds6_defrt_choose
                0x00407774                uip_ds6_is_addr_onlink
                0x00407e70                uip_ds6_periodic
                0x00407d5c                .real_start_ofuip_ds6_nbr_rm
                0x004078d4                .real_start_ofuip_ds6_aaddr_add
                0x004076a4                .real_start_ofuip_ds6_set_addr_iid
                0x00407718                .real_start_ofuip_ds6_route_lookup
                0x0040777c                .real_start_ofuip_ds6_is_addr_onlink
                0x00407574                uip_ds6_select_src
                0x00407e78                .real_start_ofuip_ds6_periodic
                0x00407a40                uip_ds6_addr_lookup
                0x00407424                .real_start_ofuip_ds6_defrt_rm
                0x00407c10                .real_start_ofuip_ds6_addr_add
                0x00407abc                .real_start_ofuip_ds6_prefix_add
                0x00407498                uip_ds6_get_global
 .text          0x00408130      0x118 contiki-dcg-mcmote.a(clock.o)
                0x004081b0                .real_start_ofclock_delay
                0x004081cc                .real_start_oftmr0_isr
                0x00408130                clock_init
                0x00408138                .real_start_ofclock_init
                0x00408194                clock_seconds
                0x00408188                .real_start_ofclock_time
                0x004081a8                clock_delay
                0x004081c4                tmr0_isr
                0x00408180                clock_time
                0x0040819c                .real_start_ofclock_seconds
 .text          0x00408248       0xd0 contiki-dcg-mcmote.a(button-sensor.o)
                0x004082d8                kbi4_isr
                0x004082e0                .real_start_ofkbi4_isr
 .text          0x00408318      0x19c contiki-dcg-mcmote.a(sensors.o)
                0x00408434                sensors_find
                0x00408340                sensors_first
                0x0040843c                .real_start_ofsensors_find
                0x00408488                .real_start_ofsensors_changed
                0x00408348                .real_start_ofsensors_first
                0x00408354                sensors_next
                0x00408480                sensors_changed
                0x0040835c                .real_start_ofsensors_next
 .text          0x004084b4       0x3c contiki-dcg-mcmote.a(watchdog.o)
                0x004084c8                .real_start_ofwatchdog_start
                0x004084bc                .real_start_ofwatchdog_init
                0x004084cc                watchdog_periodic
                0x004084c0                watchdog_start
                0x004084d8                watchdog_stop
                0x004084ec                .real_start_ofwatchdog_reboot
                0x004084d4                .real_start_ofwatchdog_periodic
                0x004084e4                watchdog_reboot
                0x004084e0                .real_start_ofwatchdog_stop
                0x004084b4                watchdog_init
 .text          0x004084f0      0x164 contiki-dcg-mcmote.a(contiki-crm.o)
                0x00408530                cal_ring_osc
                0x004085f0                .real_start_ofenable_32khz_xtal
                0x004084f0                sleep
                0x00408538                .real_start_ofcal_ring_osc
                0x004085e8                enable_32khz_xtal
                0x004084f8                .real_start_ofsleep
 .text          0x00408654      0x278 contiki-dcg-mcmote.a(contiki-maca.o)
                0x00408678                .real_start_ofcontiki_maca_channel_clear
                0x004087ec                .real_start_ofcontiki_maca_read
                0x004086e0                .real_start_ofmaca_tx_callback
                0x004086d8                maca_tx_callback
                0x004087e4                contiki_maca_read
                0x004086a8                .real_start_ofcontiki_maca_on_request
                0x004086f0                maca_rx_callback
                0x0040867c                contiki_maca_receiving_packet
                0x004086a0                contiki_maca_on_request
                0x00408748                contiki_maca_transmit
                0x0040866c                .real_start_ofcontiki_maca_init
                0x00408750                .real_start_ofcontiki_maca_transmit
                0x004087b0                .real_start_ofcontiki_maca_send
                0x004086bc                contiki_maca_off_request
                0x00408714                .real_start_ofcontiki_maca_prepare
                0x004086f8                .real_start_ofmaca_rx_callback
                0x00408664                contiki_maca_init
                0x00408690                .real_start_ofcontiki_maca_pending_packet
                0x00408670                contiki_maca_channel_clear
                0x004087a8                contiki_maca_send
                0x00408684                .real_start_ofcontiki_maca_receiving_packet
                0x00408688                contiki_maca_pending_packet
                0x0040870c                contiki_maca_prepare
                0x004086c4                .real_start_ofcontiki_maca_off_request
 .text          0x004088cc       0x74 contiki-dcg-mcmote.a(contiki-misc.o)
                0x004088d4                .real_start_ofraise
                0x00408900                _sbrk
                0x004088ec                rand
                0x004088d8                srand
                0x004088e0                .real_start_ofsrand
                0x00408908                .real_start_of_sbrk
                0x004088f4                .real_start_ofrand
                0x004088cc                raise
 .text          0x00408940      0x100 contiki-dcg-mcmote.a(leds.o)
                0x00408978                leds_toggle
                0x004089f0                .real_start_ofleds_blink
                0x004089b0                leds_on
                0x0040898c                leds_off
                0x004089d4                leds_get
                0x00408958                leds_invert
                0x00408960                .real_start_ofleds_invert
                0x00408994                .real_start_ofleds_off
                0x004089e8                leds_blink
                0x004089dc                .real_start_ofleds_get
                0x00408980                .real_start_ofleds_toggle
                0x00408a28                .real_start_ofleds_init
                0x004089b8                .real_start_ofleds_on
                0x00408a20                leds_init
 .text          0x00408a40       0x14 contiki-dcg-mcmote.a(contiki-uart.o)
                0x00408a48                .real_start_ofuart1_set_input
                0x00408a40                uart1_set_input
 .text          0x00408a54       0x44 contiki-dcg-mcmote.a(dbg-printf.o)
                0x00408a54                printf
                0x00408a5c                .real_start_ofprintf
 .text          0x00408a98      0x7f8 contiki-dcg-mcmote.a(strformat.o)
                0x00409268                format_str
                0x00409270                .real_start_offormat_str
                0x00408b44                format_str_v
                0x00408b4c                .real_start_offormat_str_v
 .text          0x00409290      0xfa8 contiki-dcg-mcmote.a(maca.o)
                0x00409298                .real_start_ofbad_packet_bounds
                0x004098a8                .real_start_ofmaca_off
                0x00409580                .real_start_oftx_packet
                0x00409740                .real_start_ofinsert_at_rx_head
                0x004099c8                set_channel
                0x00409bf0                .real_start_ofradio_init
                0x004094b8                post_tx
                0x00409950                set_power
                0x00409290                bad_packet_bounds
                0x00409be8                radio_init
                0x0040967c                free_tx_head
                0x00409928                set_demodulator_type
                0x004096d8                .real_start_ofadd_to_rx
                0x00409684                .real_start_offree_tx_head
                0x0040946c                .real_start_ofrx_packet
                0x0040a190                Print_Packets
                0x004098d4                .real_start_ofmaca_on
                0x00409864                flyback_init
                0x004097a8                .real_start_ofinit_phy
                0x00409304                free_packet
                0x00409930                .real_start_ofset_demodulator_type
                0x00409b24                .real_start_ofinit_from_flash
                0x0040929c                count_packets
                0x004094c0                .real_start_ofpost_tx
                0x0040990c                .real_start_ofget_ctov
                0x0040960c                .real_start_offree_all_packets
                0x00409f20                decode_status
                0x00409368                get_free_packet
                0x004096d0                add_to_rx
                0x004093bc                post_receive
                0x004098a0                maca_off
                0x00409f58                check_maca
                0x0040986c                .real_start_offlyback_init
                0x00409738                insert_at_rx_head
                0x0040930c                .real_start_offree_packet
                0x00409b1c                init_from_flash
                0x00409a94                exec_init_entry
                0x004099d0                .real_start_ofset_channel
                0x00409604                free_all_packets
                0x004092a4                .real_start_ofcount_packets
                0x00409de0                .real_start_ofmaca_init
                0x00409a9c                .real_start_ofexec_init_entry
                0x004098cc                maca_on
                0x004097a0                init_phy
                0x00409dd8                maca_init
                0x00409e40                ResumeMACASync
                0x00409904                get_ctov
                0x00409808                reset_maca
                0x00409578                tx_packet
                0x00409958                .real_start_ofset_power
                0x00409810                .real_start_ofreset_maca
                0x0040a010                .real_start_ofmaca_isr
                0x0040a008                maca_isr
                0x004093c4                .real_start_ofpost_receive
                0x00409464                rx_packet
                0x004092bc                bound_check
                0x004092c4                .real_start_ofbound_check
                0x00409f60                .real_start_ofcheck_maca
                0x0040a198                .real_start_ofPrint_Packets
                0x00409e48                .real_start_ofResumeMACASync
                0x00409f28                .real_start_ofdecode_status
                0x00409370                .real_start_ofget_free_packet
 .text          0x0040a238        0x0 contiki-dcg-mcmote.a(nvm.o)
 .text          0x0040a238      0x1a4 contiki-dcg-mcmote.a(uart1.o)
                0x0040a2f0                .real_start_ofuart1_putc
                0x0040a384                uart1_getc
                0x0040a38c                .real_start_ofuart1_getc
                0x0040a238                uart1_isr
                0x0040a240                .real_start_ofuart1_isr
                0x0040a2e8                uart1_putc
 .text          0x0040a3dc      0x1f8 contiki-dcg-mcmote.a(default_lowleve)
                0x0040a428                uart1_init
                0x0040a3e4                .real_start_ofdefault_vreg_init
                0x0040a430                .real_start_ofuart1_init
                0x0040a3dc                default_vreg_init
                0x0040a504                uart2_init
                0x0040a50c                .real_start_ofuart2_init
 .text          0x0040a5d4       0x10 contiki-dcg-mcmote.a(isr.o)
                0x0040a5d4                irq_register_timer_handler
 .text          0x0040a5e4      0x2fc contiki-dcg-mcmote.a(frame802154.o)
                0x0040a79c                frame802154_create
                0x0040a604                .real_start_offrame802154_parse
                0x0040a5fc                frame802154_parse
                0x0040a8a8                frame802154_hdrlen
                0x0040a8b0                .real_start_offrame802154_hdrlen
                0x0040a7a4                .real_start_offrame802154_create
 .text          0x0040a8e0      0x1ec contiki-dcg-mcmote.a(rpl.o)
                0x0040aa94                .real_start_ofrpl_purge_routes
                0x0040a9b0                .real_start_ofrpl_ipv6_neighbor_callback
                0x0040aa5c                rpl_remove_routes
                0x0040a9a8                rpl_ipv6_neighbor_callback
                0x0040a9fc                rpl_add_route
                0x0040a8e0                rpl_init
                0x0040a8e8                .real_start_ofrpl_init
                0x0040aa04                .real_start_ofrpl_add_route
                0x0040aa64                .real_start_ofrpl_remove_routes
                0x0040aa8c                rpl_purge_routes
 .text          0x0040aacc       0x8c contiki-dcg-mcmote.a(timer.o)
                0x0040ab2c                .real_start_oftimer_restart
                0x0040ab00                timer_expired
                0x0040aae0                timer_remaining
                0x0040ab08                .real_start_oftimer_expired
                0x0040ab44                .real_start_oftimer_set
                0x0040aad4                .real_start_oftimer_reset
                0x0040ab3c                timer_set
                0x0040ab24                timer_restart
                0x0040aacc                timer_reset
                0x0040aae8                .real_start_oftimer_remaining
 .text          0x0040ab58      0x2f4 contiki-dcg-mcmote.a(neighbor-attr.o)
                0x0040ad34                neighbor_attr_add_neighbor
                0x0040ab74                .real_start_ofneighbor_attr_set_timeout
                0x0040ab58                neighbor_attr_get_timeout
                0x0040adbc                neighbor_attr_set_data
                0x0040abb8                .real_start_ofneighbor_attr_list_neighbors
                0x0040abb0                neighbor_attr_list_neighbors
                0x0040ae14                .real_start_ofneighbor_attr_register
                0x0040acf0                neighbor_attr_has_neighbor
                0x0040ac78                .real_start_ofneighbor_attr_tick
                0x0040acf8                .real_start_ofneighbor_attr_has_neighbor
                0x0040adc4                .real_start_ofneighbor_attr_set_data
                0x0040ac70                neighbor_attr_tick
                0x0040ae0c                neighbor_attr_register
                0x0040ad3c                .real_start_ofneighbor_attr_add_neighbor
                0x0040ab6c                neighbor_attr_set_timeout
                0x0040ab60                .real_start_ofneighbor_attr_get_timeout
                0x0040acbc                .real_start_ofneighbor_attr_remove_neighbor
                0x0040ac8c                neighbor_attr_get_data
                0x0040ac94                .real_start_ofneighbor_attr_get_data
                0x0040acb4                neighbor_attr_remove_neighbor
 .text          0x0040ae4c       0x30 contiki-dcg-mcmote.a(debug-uart.o)
                0x0040ae4c                dbg_send_bytes
                0x0040ae54                .real_start_ofdbg_send_bytes
 .text          0x0040ae7c       0xe0 contiki-dcg-mcmote.a(leds-arch.o)
                0x0040ae7c                leds_arch_init
                0x0040aec8                leds_arch_get
                0x0040af10                .real_start_ofleds_arch_set
                0x0040ae84                .real_start_ofleds_arch_init
                0x0040aed0                .real_start_ofleds_arch_get
                0x0040af08                leds_arch_set
 .text          0x0040af5c      0x1a4 contiki-dcg-mcmote.a(uart2.o)
                0x0040af5c                uart2_isr
                0x0040af64                .real_start_ofuart2_isr
                0x0040b014                .real_start_ofuart2_putc
                0x0040b0a8                uart2_getc
                0x0040b00c                uart2_putc
                0x0040b0b0                .real_start_ofuart2_getc
 .text          0x0040b100      0x114 /opt/local/CodeSourcery/Sourcery_G++_Lite/bin/../lib/gcc/arm-none-eabi/4.3.2/libgcc.a(_udivsi3.o)
                0x0040b100                __udivsi3
                0x0040b100                __aeabi_uidiv
                0x0040b1f4                __aeabi_uidivmod
 .text          0x0040b214      0x148 /opt/local/CodeSourcery/Sourcery_G++_Lite/bin/../lib/gcc/arm-none-eabi/4.3.2/libgcc.a(_divsi3.o)
                0x0040b214                __aeabi_idiv
                0x0040b214                __divsi3
                0x0040b33c                __aeabi_idivmod
 .text          0x0040b35c        0x4 /opt/local/CodeSourcery/Sourcery_G++_Lite/bin/../lib/gcc/arm-none-eabi/4.3.2/libgcc.a(_dvmd_tls.o)
                0x0040b35c                __aeabi_ldiv0
                0x0040b35c                __aeabi_idiv0
 .text          0x0040b360       0x3c /opt/local/CodeSourcery/Sourcery_G++_Lite/bin/../lib/gcc/arm-none-eabi/4.3.2/libgcc.a(_aeabi_uldivmod.o)
                0x0040b360                __aeabi_uldivmod
 .text          0x0040b39c       0x80 /opt/local/CodeSourcery/Sourcery_G++_Lite/bin/../lib/gcc/arm-none-eabi/4.3.2/libgcc.a(bpabi.o)
                0x0040b39c                __gnu_uldivmod_helper
                0x0040b3dc                __gnu_ldivmod_helper
 .text          0x0040b41c      0x56c /opt/local/CodeSourcery/Sourcery_G++_Lite/bin/../lib/gcc/arm-none-eabi/4.3.2/libgcc.a(_divdi3.o)
                0x0040b41c                __divdi3
 .text          0x0040b988      0x4fc /opt/local/CodeSourcery/Sourcery_G++_Lite/bin/../lib/gcc/arm-none-eabi/4.3.2/libgcc.a(_udivdi3.o)
                0x0040b988                __udivdi3
 .text          0x0040be84        0x0 /opt/local/CodeSourcery/Sourcery_G++_Lite/bin/../lib/gcc/arm-none-eabi/4.3.2/libgcc.a(_clz.o)
 .text          0x0040be84        0x0 /opt/local/CodeSourcery/Sourcery_G++_Lite/bin/../lib/gcc/arm-none-eabi/4.3.2/../../../../arm-none-eabi/lib/libc.a(lib_a-ctype_.o)
 .text          0x0040be84       0xac /opt/local/CodeSourcery/Sourcery_G++_Lite/bin/../lib/gcc/arm-none-eabi/4.3.2/../../../../arm-none-eabi/lib/libc.a(lib_a-memcmp.o)
                0x0040be84                memcmp
 .text          0x0040bf30       0xfc /opt/local/CodeSourcery/Sourcery_G++_Lite/bin/../lib/gcc/arm-none-eabi/4.3.2/../../../../arm-none-eabi/lib/libc.a(lib_a-memcpy.o)
                0x0040bf30                memcpy
 .text          0x0040c02c      0x144 /opt/local/CodeSourcery/Sourcery_G++_Lite/bin/../lib/gcc/arm-none-eabi/4.3.2/../../../../arm-none-eabi/lib/libc.a(lib_a-memmove.o)
                0x0040c02c                memmove
 .text          0x0040c170       0xd0 /opt/local/CodeSourcery/Sourcery_G++_Lite/bin/../lib/gcc/arm-none-eabi/4.3.2/../../../../arm-none-eabi/lib/libc.a(lib_a-memset.o)
                0x0040c170                memset
 .text          0x0040c240       0x9c /opt/local/CodeSourcery/Sourcery_G++_Lite/bin/../lib/gcc/arm-none-eabi/4.3.2/../../../../arm-none-eabi/lib/libc.a(lib_a-strlen.o)
                0x0040c240                strlen
 .text          0x0040c2dc      0x144 /opt/local/CodeSourcery/Sourcery_G++_Lite/bin/../lib/gcc/arm-none-eabi/4.3.2/../../../../arm-none-eabi/lib/libc.a(lib_a-strncmp.o)
                0x0040c2dc                strncmp
 *(.gnu.warning)
 *(.glue_7t)
 .glue_7t       0x0040c420        0x0 udp-sink.co
 .glue_7t       0x0040c420        0x0 obj_dcg-mcmote/collect-common.o
 .glue_7t       0x0040c420        0x0 obj_dcg-mcmote/contiki-mc1322x-main.o
 .glue_7t       0x0040c420        0x0 obj_dcg-mcmote/start.o
 .glue_7t       0x0040c420        0x0 obj_dcg-mcmote/symbols.o
 .glue_7t       0x0040c420        0x0 contiki-dcg-mcmote.a(rimeaddr.o)
 .glue_7t       0x0040c420        0x0 contiki-dcg-mcmote.a(nullmac.o)
 .glue_7t       0x0040c420        0x0 contiki-dcg-mcmote.a(nullrdc.o)
 .glue_7t       0x0040c420        0x0 contiki-dcg-mcmote.a(mac.o)
 .glue_7t       0x0040c420        0x0 contiki-dcg-mcmote.a(framer-802154.o)
 .glue_7t       0x0040c420        0x0 contiki-dcg-mcmote.a(rpl-dag.o)
 .glue_7t       0x0040c420        0x0 contiki-dcg-mcmote.a(rpl-icmp6.o)
 .glue_7t       0x0040c420        0x0 contiki-dcg-mcmote.a(rpl-timers.o)
 .glue_7t       0x0040c420        0x0 contiki-dcg-mcmote.a(rpl-of-etx.o)
 .glue_7t       0x0040c420        0x0 contiki-dcg-mcmote.a(process.o)
 .glue_7t       0x0040c420        0x0 contiki-dcg-mcmote.a(autostart.o)
 .glue_7t       0x0040c420        0x0 contiki-dcg-mcmote.a(serial-line.o)
 .glue_7t       0x0040c420        0x0 contiki-dcg-mcmote.a(memb.o)
 .glue_7t       0x0040c420        0x0 contiki-dcg-mcmote.a(list.o)
 .glue_7t       0x0040c420        0x0 contiki-dcg-mcmote.a(etimer.o)
 .glue_7t       0x0040c420        0x0 contiki-dcg-mcmote.a(ctimer.o)
 .glue_7t       0x0040c420        0x0 contiki-dcg-mcmote.a(stimer.o)
 .glue_7t       0x0040c420        0x0 contiki-dcg-mcmote.a(random.o)
 .glue_7t       0x0040c420        0x0 contiki-dcg-mcmote.a(ringbuf.o)
 .glue_7t       0x0040c420        0x0 contiki-dcg-mcmote.a(uip-debug.o)
 .glue_7t       0x0040c420        0x0 contiki-dcg-mcmote.a(packetbuf.o)
 .glue_7t       0x0040c420        0x0 contiki-dcg-mcmote.a(queuebuf.o)
 .glue_7t       0x0040c420        0x0 contiki-dcg-mcmote.a(uip6.o)
 .glue_7t       0x0040c420        0x0 contiki-dcg-mcmote.a(tcpip.o)
 .glue_7t       0x0040c420        0x0 contiki-dcg-mcmote.a(uip-icmp6.o)
 .glue_7t       0x0040c420        0x0 contiki-dcg-mcmote.a(uip-nd6.o)
 .glue_7t       0x0040c420        0x0 contiki-dcg-mcmote.a(sicslowpan.o)
 .glue_7t       0x0040c420        0x0 contiki-dcg-mcmote.a(neighbor-info.o)
 .glue_7t       0x0040c420        0x0 contiki-dcg-mcmote.a(uip-ds6.o)
 .glue_7t       0x0040c420        0x0 contiki-dcg-mcmote.a(clock.o)
 .glue_7t       0x0040c420        0x0 contiki-dcg-mcmote.a(button-sensor.o)
 .glue_7t       0x0040c420        0x0 contiki-dcg-mcmote.a(sensors.o)
 .glue_7t       0x0040c420        0x0 contiki-dcg-mcmote.a(watchdog.o)
 .glue_7t       0x0040c420        0x0 contiki-dcg-mcmote.a(contiki-crm.o)
 .glue_7t       0x0040c420        0x0 contiki-dcg-mcmote.a(contiki-maca.o)
 .glue_7t       0x0040c420        0x0 contiki-dcg-mcmote.a(contiki-misc.o)
 .glue_7t       0x0040c420        0x0 contiki-dcg-mcmote.a(leds.o)
 .glue_7t       0x0040c420        0x0 contiki-dcg-mcmote.a(contiki-uart.o)
 .glue_7t       0x0040c420        0x0 contiki-dcg-mcmote.a(dbg-printf.o)
 .glue_7t       0x0040c420        0x0 contiki-dcg-mcmote.a(strformat.o)
 .glue_7t       0x0040c420        0x0 contiki-dcg-mcmote.a(maca.o)
 .glue_7t       0x0040c420        0x0 contiki-dcg-mcmote.a(nvm.o)
 .glue_7t       0x0040c420        0x0 contiki-dcg-mcmote.a(uart1.o)
 .glue_7t       0x0040c420        0x0 contiki-dcg-mcmote.a(default_lowleve)
 .glue_7t       0x0040c420        0x0 contiki-dcg-mcmote.a(isr.o)
 .glue_7t       0x0040c420        0x0 contiki-dcg-mcmote.a(frame802154.o)
 .glue_7t       0x0040c420        0x0 contiki-dcg-mcmote.a(rpl.o)
 .glue_7t       0x0040c420        0x0 contiki-dcg-mcmote.a(timer.o)
 .glue_7t       0x0040c420        0x0 contiki-dcg-mcmote.a(neighbor-attr.o)
 .glue_7t       0x0040c420        0x0 contiki-dcg-mcmote.a(debug-uart.o)
 .glue_7t       0x0040c420        0x0 contiki-dcg-mcmote.a(leds-arch.o)
 .glue_7t       0x0040c420        0x0 contiki-dcg-mcmote.a(uart2.o)
 .glue_7t       0x0040c420        0x0 /opt/local/CodeSourcery/Sourcery_G++_Lite/bin/../lib/gcc/arm-none-eabi/4.3.2/libgcc.a(_udivsi3.o)
 .glue_7t       0x0040c420        0x0 /opt/local/CodeSourcery/Sourcery_G++_Lite/bin/../lib/gcc/arm-none-eabi/4.3.2/libgcc.a(_divsi3.o)
 .glue_7t       0x0040c420        0x0 /opt/local/CodeSourcery/Sourcery_G++_Lite/bin/../lib/gcc/arm-none-eabi/4.3.2/libgcc.a(_dvmd_tls.o)
 .glue_7t       0x0040c420        0x0 /opt/local/CodeSourcery/Sourcery_G++_Lite/bin/../lib/gcc/arm-none-eabi/4.3.2/libgcc.a(_aeabi_uldivmod.o)
 .glue_7t       0x0040c420        0x0 /opt/local/CodeSourcery/Sourcery_G++_Lite/bin/../lib/gcc/arm-none-eabi/4.3.2/libgcc.a(bpabi.o)
 .glue_7t       0x0040c420        0x0 /opt/local/CodeSourcery/Sourcery_G++_Lite/bin/../lib/gcc/arm-none-eabi/4.3.2/libgcc.a(_divdi3.o)
 .glue_7t       0x0040c420        0x0 /opt/local/CodeSourcery/Sourcery_G++_Lite/bin/../lib/gcc/arm-none-eabi/4.3.2/libgcc.a(_udivdi3.o)
 .glue_7t       0x0040c420        0x0 /opt/local/CodeSourcery/Sourcery_G++_Lite/bin/../lib/gcc/arm-none-eabi/4.3.2/libgcc.a(_clz.o)
 .glue_7t       0x0040c420        0x0 /opt/local/CodeSourcery/Sourcery_G++_Lite/bin/../lib/gcc/arm-none-eabi/4.3.2/../../../../arm-none-eabi/lib/libc.a(lib_a-ctype_.o)
 .glue_7t       0x0040c420        0x0 /opt/local/CodeSourcery/Sourcery_G++_Lite/bin/../lib/gcc/arm-none-eabi/4.3.2/../../../../arm-none-eabi/lib/libc.a(lib_a-memcmp.o)
 .glue_7t       0x0040c420        0x0 /opt/local/CodeSourcery/Sourcery_G++_Lite/bin/../lib/gcc/arm-none-eabi/4.3.2/../../../../arm-none-eabi/lib/libc.a(lib_a-memcpy.o)
 .glue_7t       0x0040c420        0x0 /opt/local/CodeSourcery/Sourcery_G++_Lite/bin/../lib/gcc/arm-none-eabi/4.3.2/../../../../arm-none-eabi/lib/libc.a(lib_a-memmove.o)
 .glue_7t       0x0040c420        0x0 /opt/local/CodeSourcery/Sourcery_G++_Lite/bin/../lib/gcc/arm-none-eabi/4.3.2/../../../../arm-none-eabi/lib/libc.a(lib_a-memset.o)
 .glue_7t       0x0040c420        0x0 /opt/local/CodeSourcery/Sourcery_G++_Lite/bin/../lib/gcc/arm-none-eabi/4.3.2/../../../../arm-none-eabi/lib/libc.a(lib_a-strlen.o)
 .glue_7t       0x0040c420      0x5d0 /opt/local/CodeSourcery/Sourcery_G++_Lite/bin/../lib/gcc/arm-none-eabi/4.3.2/../../../../arm-none-eabi/lib/libc.a(lib_a-strncmp.o)
                0x0040c524                __set_power_change_to_arm
                0x0040c504                __uart1_init_change_to_arm
                0x0040c780                __memb_inmemb_from_thumb
                0x0040c550                __ctimer_init_from_thumb
                0x0040c6b4                __rpl_add_route_change_to_arm
                0x0040c440                __rpl_set_root_from_thumb
                0x0040c48c                __collect_common_net_init_change_to_arm
                0x0040c820                __uip_unlisten_from_thumb
                0x0040c42c                __process_post_change_to_arm
                0x0040c914                __rpl_ipv6_neighbor_callback_change_to_arm
                0x0040c950                __get_free_packet_from_thumb
                0x0040c928                __etimer_pending_from_thumb
                0x0040c590                __rimeaddr_cmp_from_thumb
                0x0040c854                __uip_process_change_to_arm
                0x0040c824                __uip_unlisten_change_to_arm
                0x0040c760                __etimer_stop_from_thumb
                0x0040c58c                __process_run_change_to_arm
                0x0040c7f8                __uip_nd6_na_input_from_thumb
                0x0040c5d0                __memset_from_thumb
                0x0040c54c                __process_start_change_to_arm
                0x0040c4ac                __collect_common_net_print_change_to_arm
                0x0040c4b4                __clock_seconds_change_to_arm
                0x0040c7cc                __memb_init_change_to_arm
                0x0040c72c                __ringbuf_put_change_to_arm
                0x0040c61c                __uip_ds6_defrt_rm_change_to_arm
                0x0040c4ec                __rimeaddr_copy_change_to_arm
                0x0040c624                __list_remove_change_to_arm
                0x0040c4c0                __random_rand_from_thumb
                0x0040c4a8                __collect_common_net_print_from_thumb
                0x0040c97c                __leds_arch_get_change_to_arm
                0x0040c84c                __rpl_init_change_to_arm
                0x0040c734                __process_poll_change_to_arm
                0x0040c808                __uip_icmp6_echo_request_input_from_thumb
                0x0040c9ac                __maca_rx_callback_change_to_arm
                0x0040c81c                __uip_ds6_init_change_to_arm
                0x0040c92c                __etimer_pending_change_to_arm
                0x0040c95c                __tx_packet_change_to_arm
                0x0040c5f4                ____aeabi_uidiv_change_to_arm
                0x0040c958                __tx_packet_from_thumb
                0x0040c5d4                __memset_change_to_arm
                0x0040c5fc                __rpl_reset_dio_timer_change_to_arm
                0x0040c9d8                __uip_ds6_route_rm_from_thumb
                0x0040c6b8                __rpl_find_parent_from_thumb
                0x0040c900                __neighbor_attr_has_neighbor_from_thumb
                0x0040c5b0                __packetbuf_datalen_from_thumb
                0x0040c468                __collect_common_recv_from_thumb
                0x0040c448                __rpl_get_dag_from_thumb
                0x0040c428                __process_post_from_thumb
                0x0040c5e8                __frame802154_create_from_thumb
                0x0040c604                __list_head_change_to_arm
                0x0040c6d8                __uip_ds6_get_link_local_from_thumb
                0x0040c494                __etimer_set_change_to_arm
                0x0040c5b4                __packetbuf_datalen_change_to_arm
                0x0040c858                __uip_ds6_periodic_from_thumb
                0x0040c4d0                __collect_common_send_from_thumb
                0x0040c814                __uip_ds6_select_src_change_to_arm
                0x0040c7dc                __tcpip_uipcall_change_to_arm
                0x0040c5a8                __mac_call_sent_callback_from_thumb
                0x0040c5e0                __packetbuf_hdralloc_from_thumb
                0x0040c708                __process_exit_from_thumb
                0x0040c6fc                __dis_output_change_to_arm
                0x0040c670                __rpl_remove_routes_from_thumb
                0x0040c508                __default_vreg_init_from_thumb
                0x0040c764                __etimer_stop_change_to_arm
                0x0040c714                __process_alloc_event_change_to_arm
                0x0040c7d8                __tcpip_uipcall_from_thumb
                0x0040c6e4                __dio_output_change_to_arm
                0x0040c794                __packetbuf_attr_copyfrom_change_to_arm
                0x0040c94c                __strlen_change_to_arm
                0x0040c65c                __rpl_schedule_dao_change_to_arm
                0x0040c93c                __etimer_request_poll_change_to_arm
                0x0040c7ec                __uip_ds6_is_addr_onlink_change_to_arm
                0x0040c560                ____aeabi_idiv_from_thumb
                0x0040c71c                __ringbuf_get_change_to_arm
                0x0040c7a4                __packetbuf_attr_copyto_change_to_arm
                0x0040c930                __etimer_next_expiration_time_from_thumb
                0x0040c5f8                __rpl_reset_dio_timer_from_thumb
                0x0040c4d8                __memcpy_from_thumb
                0x0040c8fc                __neighbor_attr_add_neighbor_change_to_arm
                0x0040c7f4                __uip_nd6_ns_input_change_to_arm
                0x0040c70c                __process_exit_change_to_arm
                0x0040c5f0                ____aeabi_uidiv_from_thumb
                0x0040c744                __timer_expired_change_to_arm
                0x0040c8d8                __queuebuf_free_from_thumb
                0x0040c67c                __ctimer_stop_change_to_arm
                0x0040c9ec                __uart1_putc_change_to_arm
                0x0040c994                __format_str_v_change_to_arm
                0x0040c640                __list_init_from_thumb
                0x0040c778                __srand_from_thumb
                0x0040c430                __uip_ds6_addr_add_from_thumb
                0x0040c838                __uip_nd6_ns_output_from_thumb
                0x0040c75c                __timer_set_change_to_arm
                0x0040c750                __timer_reset_from_thumb
                0x0040c5c8                __packetbuf_hdrreduce_from_thumb
                0x0040c7a8                __packetbuf_is_reference_from_thumb
                0x0040c480                __serial_line_init_from_thumb
                0x0040c4f8                __rimeaddr_set_node_addr_from_thumb
                0x0040c718                __ringbuf_get_from_thumb
                0x0040c49c                __strncmp_change_to_arm
                0x0040c9c4                __neighbor_info_subscribe_change_to_arm
                0x0040c4fc                __rimeaddr_set_node_addr_change_to_arm
                0x0040c9e4                __list_push_change_to_arm
                0x0040c800                __uip_rpl_input_from_thumb
                0x0040c704                __ctimer_reset_change_to_arm
                0x0040c610                __uip_ds6_defrt_lookup_from_thumb
                0x0040c830                __uip_ds6_defrt_choose_from_thumb
                0x0040c840                __uip_init_from_thumb
                0x0040c668                __list_item_next_from_thumb
                0x0040c8d0                __queuebuf_to_packetbuf_from_thumb
                0x0040c4c8                ____aeabi_uidivmod_from_thumb
                0x0040c804                __uip_rpl_input_change_to_arm
                0x0040c60c                __uip_ds6_route_rm_by_nexthop_change_to_arm
                0x0040c69c                __stimer_set_change_to_arm
                0x0040c53c                __leds_init_change_to_arm
                0x0040c584                __uart1_getc_change_to_arm
                0x0040c7b4                __packetbuf_reference_ptr_change_to_arm
                0x0040c59c                __packetbuf_hdrptr_change_to_arm
                0x0040c8ec                __neighbor_attr_get_data_change_to_arm
                0x0040c618                __uip_ds6_defrt_rm_from_thumb
                0x0040c650                __dao_output_from_thumb
                0x0040c850                __uip_process_from_thumb
                0x0040c55c                __queuebuf_init_change_to_arm
                0x0040c460                __udp_new_from_thumb
                0x0040c574                __autostart_start_change_to_arm
                0x0040c7d0                __uip_icmp6_error_output_from_thumb
                0x0040c578                __check_maca_from_thumb
                0x0040c6f4                __rpl_recalculate_ranks_change_to_arm
                0x0040c45c                __uip_debug_ipaddr_print_change_to_arm
                0x0040c544                __process_init_change_to_arm
                0x0040c88c                __memmove_change_to_arm
                0x0040c960                __rx_packet_from_thumb
                0x0040c7c8                __memb_init_from_thumb
                0x0040c91c                __stimer_expired_change_to_arm
                0x0040c420                __printf_from_thumb
                0x0040c4e0                __leds_blink_from_thumb
                0x0040c648                __uip_ds6_defrt_add_from_thumb
                0x0040c520                __set_power_from_thumb
                0x0040c464                __udp_new_change_to_arm
                0x0040c558                __queuebuf_init_from_thumb
                0x0040c658                __rpl_schedule_dao_from_thumb
                0x0040c7e0                __uip_ds6_maddr_lookup_from_thumb
                0x0040c458                __uip_debug_ipaddr_print_from_thumb
                0x0040c4d4                __collect_common_send_change_to_arm
                0x0040c5cc                __packetbuf_hdrreduce_change_to_arm
                0x0040c728                __ringbuf_put_from_thumb
                0x0040c86c                __uip_listen_change_to_arm
                0x0040c73c                __clock_time_change_to_arm
                0x0040c818                __uip_ds6_init_from_thumb
                0x0040c940                __sensors_changed_from_thumb
                0x0040c43c                __uip_ds6_addr_lookup_change_to_arm
                0x0040c5bc                __packetbuf_dataptr_change_to_arm
                0x0040c894                __uip_htonl_change_to_arm
                0x0040c538                __leds_init_from_thumb
                0x0040c90c                __neighbor_attr_set_data_change_to_arm
                0x0040c8cc                __queuebuf_new_from_packetbuf_change_to_arm
                0x0040c64c                __uip_ds6_defrt_add_change_to_arm
                0x0040c654                __dao_output_change_to_arm
                0x0040c6ac                __uip_ds6_route_lookup_change_to_arm
                0x0040c57c                __check_maca_change_to_arm
                0x0040c8dc                __queuebuf_free_change_to_arm
                0x0040c500                __uart1_init_from_thumb
                0x0040c758                __timer_set_from_thumb
                0x0040c8a4                __neighbor_info_packet_received_change_to_arm
                0x0040c66c                __list_item_next_change_to_arm
                0x0040c8b0                __tcpip_set_outputfunc_from_thumb
                0x0040c9e0                __list_push_from_thumb
                0x0040c7e4                __uip_ds6_maddr_lookup_change_to_arm
                0x0040c954                __get_free_packet_change_to_arm
                0x0040c8c0                __packetbuf_set_datalen_from_thumb
                0x0040c974                __leds_arch_set_change_to_arm
                0x0040c9b8                __rpl_reset_periodic_timer_from_thumb
                0x0040c5ac                __mac_call_sent_callback_change_to_arm
                0x0040c52c                __cal_ring_osc_change_to_arm
                0x0040c82c                __process_post_synch_change_to_arm
                0x0040c8f0                __neighbor_attr_register_from_thumb
                0x0040c528                __cal_ring_osc_from_thumb
                0x0040c6c4                __etimer_expiration_time_change_to_arm
                0x0040c798                __packetbuf_clear_from_thumb
                0x0040c510                __maca_init_from_thumb
                0x0040c998                __dbg_send_bytes_from_thumb
                0x0040c56c                __uip_ds6_set_addr_iid_change_to_arm
                0x0040c4a4                __collect_common_set_sink_change_to_arm
                0x0040c620                __list_remove_from_thumb
                0x0040c6bc                __rpl_find_parent_change_to_arm
                0x0040c490                __etimer_set_from_thumb
                0x0040c570                __autostart_start_from_thumb
                0x0040c470                __rpl_repair_dag_from_thumb
                0x0040c4c4                __random_rand_change_to_arm
                0x0040c87c                __uip_icmp6chksum_change_to_arm
                0x0040c5c4                __frame802154_parse_change_to_arm
                0x0040c934                __etimer_next_expiration_time_change_to_arm
                0x0040c554                __ctimer_init_change_to_arm
                0x0040c454                __rpl_set_prefix_change_to_arm
                0x0040c9cc                __uip_ds6_maddr_add_change_to_arm
                0x0040c938                __etimer_request_poll_from_thumb
                0x0040c7b0                __packetbuf_reference_ptr_from_thumb
                0x0040c784                __memb_inmemb_change_to_arm
                0x0040c888                __memmove_from_thumb
                0x0040c530                __clock_init_from_thumb
                0x0040c8e0                __neighbor_info_packet_sent_from_thumb
                0x0040c880                __tcpip_ipv6_output_from_thumb
                0x0040c828                __process_post_synch_from_thumb
                0x0040c74c                __timer_restart_change_to_arm
                0x0040c51c                __set_channel_change_to_arm
                0x0040c488                __collect_common_net_init_from_thumb
                0x0040c438                __uip_ds6_addr_lookup_from_thumb
                0x0040c77c                __srand_change_to_arm
                0x0040c514                __maca_init_change_to_arm
                0x0040c688                __uip_ds6_nbr_lookup_from_thumb
                0x0040c6d0                __ctimer_set_from_thumb
                0x0040c980                __clock_delay_from_thumb
                0x0040c47c                __uart1_set_input_change_to_arm
                0x0040c968                __free_packet_from_thumb
                0x0040c478                __uart1_set_input_from_thumb
                0x0040c754                __timer_reset_change_to_arm
                0x0040c7d4                __uip_icmp6_error_output_change_to_arm
                0x0040c450                __rpl_set_prefix_from_thumb
                0x0040c580                __uart1_getc_from_thumb
                0x0040c8bc                __watchdog_periodic_change_to_arm
                0x0040c7ac                __packetbuf_is_reference_change_to_arm
                0x0040c944                __sensors_changed_change_to_arm
                0x0040c6b0                __rpl_add_route_from_thumb
                0x0040c50c                __default_vreg_init_change_to_arm
                0x0040c8f8                __neighbor_attr_add_neighbor_from_thumb
                0x0040c634                __memb_alloc_change_to_arm
                0x0040c548                __process_start_from_thumb
                0x0040c474                __rpl_repair_dag_change_to_arm
                0x0040c844                __uip_init_change_to_arm
                0x0040c9a0                ____aeabi_uldivmod_from_thumb
                0x0040c6a0                __rpl_process_dio_from_thumb
                0x0040c9b0                __maca_tx_callback_from_thumb
                0x0040c790                __packetbuf_attr_copyfrom_from_thumb
                0x0040c638                __list_add_from_thumb
                0x0040c83c                __uip_nd6_ns_output_change_to_arm
                0x0040c7e8                __uip_ds6_is_addr_onlink_from_thumb
                0x0040c8e4                __neighbor_info_packet_sent_change_to_arm
                0x0040c6cc                __etimer_expired_change_to_arm
                0x0040c6f0                __rpl_recalculate_ranks_from_thumb
                0x0040c724                __ringbuf_init_change_to_arm
                0x0040c910                __rpl_ipv6_neighbor_callback_from_thumb
                0x0040c874                __uip_connect_change_to_arm
                0x0040c7c4                __packetbuf_copyto_change_to_arm
                0x0040c4cc                ____aeabi_uidivmod_change_to_arm
                0x0040c834                __uip_ds6_defrt_choose_change_to_arm
                0x0040c6a8                __uip_ds6_route_lookup_from_thumb
                0x0040c6e0                __dio_output_from_thumb
                0x0040c614                __uip_ds6_defrt_lookup_change_to_arm
                0x0040c6ec                __rpl_purge_routes_change_to_arm
                0x0040c8c8                __queuebuf_new_from_packetbuf_from_thumb
                0x0040c978                __leds_arch_get_from_thumb
                0x0040c4a0                __collect_common_set_sink_from_thumb
                0x0040c8c4                __packetbuf_set_datalen_change_to_arm
                0x0040c79c                __packetbuf_clear_change_to_arm
                0x0040c890                __uip_htonl_from_thumb
                0x0040c434                __uip_ds6_addr_add_change_to_arm
                0x0040c8b4                __tcpip_set_outputfunc_change_to_arm
                0x0040c870                __uip_connect_from_thumb
                0x0040c690                __uip_ds6_nbr_add_from_thumb
                0x0040c8a0                __neighbor_info_packet_received_from_thumb
                0x0040c8e8                __neighbor_attr_get_data_from_thumb
                0x0040c444                __rpl_set_root_change_to_arm
                0x0040c990                __format_str_v_from_thumb
                0x0040c6a4                __rpl_process_dio_change_to_arm
                0x0040c730                __process_poll_from_thumb
                0x0040c884                __tcpip_ipv6_output_change_to_arm
                0x0040c89c                __uip_ds6_dad_failed_change_to_arm
                0x0040c9d0                __uip_ds6_route_add_from_thumb
                0x0040c62c                __memb_free_change_to_arm
                0x0040c424                __printf_change_to_arm
                0x0040c6e8                __rpl_purge_routes_from_thumb
                0x0040c908                __neighbor_attr_set_data_from_thumb
                0x0040c700                __ctimer_reset_from_thumb
                0x0040c98c                __leds_arch_init_change_to_arm
                0x0040c660                __list_length_from_thumb
                0x0040c594                __rimeaddr_cmp_change_to_arm
                0x0040c9c8                __uip_ds6_maddr_add_from_thumb
                0x0040c63c                __list_add_change_to_arm
                0x0040c694                __uip_ds6_nbr_add_change_to_arm
                0x0040c7b8                __packetbuf_copyto_hdr_from_thumb
                0x0040c6c0                __etimer_expiration_time_from_thumb
                0x0040c5c0                __frame802154_parse_from_thumb
                0x0040c644                __list_init_change_to_arm
                0x0040c918                __stimer_expired_from_thumb
                0x0040c9a8                __maca_rx_callback_from_thumb
                0x0040c4e8                __rimeaddr_copy_from_thumb
                0x0040c8ac                __tcpip_input_change_to_arm
                0x0040c964                __rx_packet_change_to_arm
                0x0040c948                __strlen_from_thumb
                0x0040c630                __memb_alloc_from_thumb
                0x0040c710                __process_alloc_event_from_thumb
                0x0040c8b8                __watchdog_periodic_from_thumb
                0x0040c738                __clock_time_from_thumb
                0x0040c770                __rand_from_thumb
                0x0040c7fc                __uip_nd6_na_input_change_to_arm
                0x0040c5a4                __packetbuf_totlen_change_to_arm
                0x0040c588                __process_run_from_thumb
                0x0040c600                __list_head_from_thumb
                0x0040c4f0                __memcmp_from_thumb
                0x0040c540                __process_init_from_thumb
                0x0040c748                __timer_restart_from_thumb
                0x0040c598                __packetbuf_hdrptr_from_thumb
                0x0040c674                __rpl_remove_routes_change_to_arm
                0x0040c9d4                __uip_ds6_route_add_change_to_arm
                0x0040c518                __set_channel_from_thumb
                0x0040c4f4                __memcmp_change_to_arm
                0x0040c7bc                __packetbuf_copyto_hdr_change_to_arm
                0x0040c788                __packetbuf_copyfrom_from_thumb
                0x0040c5a0                __packetbuf_totlen_from_thumb
                0x0040c484                __serial_line_init_change_to_arm
                0x0040c970                __leds_arch_set_from_thumb
                0x0040c7a0                __packetbuf_attr_copyto_from_thumb
                0x0040c9bc                __rpl_reset_periodic_timer_change_to_arm
                0x0040c878                __uip_icmp6chksum_from_thumb
                0x0040c9a4                ____aeabi_uldivmod_change_to_arm
                0x0040c5d8                __frame802154_hdrlen_from_thumb
                0x0040c5dc                __frame802154_hdrlen_change_to_arm
                0x0040c740                __timer_expired_from_thumb
                0x0040c78c                __packetbuf_copyfrom_change_to_arm
                0x0040c684                __uip_icmp6_send_change_to_arm
                0x0040c984                __clock_delay_change_to_arm
                0x0040c988                __leds_arch_init_from_thumb
                0x0040c848                __rpl_init_from_thumb
                0x0040c9e8                __uart1_putc_from_thumb
                0x0040c6dc                __uip_ds6_get_link_local_change_to_arm
                0x0040c920                __leds_toggle_from_thumb
                0x0040c904                __neighbor_attr_has_neighbor_change_to_arm
                0x0040c68c                __uip_ds6_nbr_lookup_change_to_arm
                0x0040c4dc                __memcpy_change_to_arm
                0x0040c7c0                __packetbuf_copyto_from_thumb
                0x0040c6c8                __etimer_expired_from_thumb
                0x0040c8f4                __neighbor_attr_register_change_to_arm
                0x0040c628                __memb_free_from_thumb
                0x0040c4e4                __leds_blink_change_to_arm
                0x0040c4b0                __clock_seconds_from_thumb
                0x0040c868                __uip_listen_from_thumb
                0x0040c498                __strncmp_from_thumb
                0x0040c9b4                __maca_tx_callback_change_to_arm
                0x0040c6d4                __ctimer_set_change_to_arm
                0x0040c720                __ringbuf_init_from_thumb
                0x0040c5e4                __packetbuf_hdralloc_change_to_arm
                0x0040c810                __uip_ds6_select_src_from_thumb
                0x0040c6f8                __dis_output_from_thumb
                0x0040c608                __uip_ds6_route_rm_by_nexthop_from_thumb
                0x0040c568                __uip_ds6_set_addr_iid_from_thumb
                0x0040c564                ____aeabi_idiv_change_to_arm
                0x0040c85c                __uip_ds6_periodic_change_to_arm
                0x0040c678                __ctimer_stop_from_thumb
                0x0040c96c                __free_packet_change_to_arm
                0x0040c8d4                __queuebuf_to_packetbuf_change_to_arm
                0x0040c864                __uip_udp_new_change_to_arm
                0x0040c698                __stimer_set_from_thumb
                0x0040c4bc                __etimer_reset_change_to_arm
                0x0040c9c0                __neighbor_info_subscribe_from_thumb
                0x0040c99c                __dbg_send_bytes_change_to_arm
                0x0040c9dc                __uip_ds6_route_rm_change_to_arm
                0x0040c7f0                __uip_nd6_ns_input_from_thumb
                0x0040c4b8                __etimer_reset_from_thumb
                0x0040c534                __clock_init_change_to_arm
                0x0040c76c                __etimer_restart_change_to_arm
                0x0040c44c                __rpl_get_dag_change_to_arm
                0x0040c664                __list_length_change_to_arm
                0x0040c5b8                __packetbuf_dataptr_from_thumb
                0x0040c924                __leds_toggle_change_to_arm
                0x0040c898                __uip_ds6_dad_failed_from_thumb
                0x0040c768                __etimer_restart_from_thumb
                0x0040c80c                __uip_icmp6_echo_request_input_change_to_arm
                0x0040c46c                __collect_common_recv_change_to_arm
                0x0040c8a8                __tcpip_input_from_thumb
                0x0040c774                __rand_change_to_arm
                0x0040c860                __uip_udp_new_from_thumb
                0x0040c680                __uip_icmp6_send_from_thumb
                0x0040c5ec                __frame802154_create_change_to_arm
 *(.glue_7)
 .glue_7        0x0040c9f0        0x0 udp-sink.co
 .glue_7        0x0040c9f0        0x0 obj_dcg-mcmote/collect-common.o
 .glue_7        0x0040c9f0        0x0 obj_dcg-mcmote/contiki-mc1322x-main.o
 .glue_7        0x0040c9f0        0x0 obj_dcg-mcmote/start.o
 .glue_7        0x0040c9f0        0x0 obj_dcg-mcmote/symbols.o
 .glue_7        0x0040c9f0        0x0 contiki-dcg-mcmote.a(rimeaddr.o)
 .glue_7        0x0040c9f0        0x0 contiki-dcg-mcmote.a(nullmac.o)
 .glue_7        0x0040c9f0        0x0 contiki-dcg-mcmote.a(nullrdc.o)
 .glue_7        0x0040c9f0        0x0 contiki-dcg-mcmote.a(mac.o)
 .glue_7        0x0040c9f0        0x0 contiki-dcg-mcmote.a(framer-802154.o)
 .glue_7        0x0040c9f0        0x0 contiki-dcg-mcmote.a(rpl-dag.o)
 .glue_7        0x0040c9f0        0x0 contiki-dcg-mcmote.a(rpl-icmp6.o)
 .glue_7        0x0040c9f0        0x0 contiki-dcg-mcmote.a(rpl-timers.o)
 .glue_7        0x0040c9f0        0x0 contiki-dcg-mcmote.a(rpl-of-etx.o)
 .glue_7        0x0040c9f0        0x0 contiki-dcg-mcmote.a(process.o)
 .glue_7        0x0040c9f0        0x0 contiki-dcg-mcmote.a(autostart.o)
 .glue_7        0x0040c9f0        0x0 contiki-dcg-mcmote.a(serial-line.o)
 .glue_7        0x0040c9f0        0x0 contiki-dcg-mcmote.a(memb.o)
 .glue_7        0x0040c9f0        0x0 contiki-dcg-mcmote.a(list.o)
 .glue_7        0x0040c9f0        0x0 contiki-dcg-mcmote.a(etimer.o)
 .glue_7        0x0040c9f0        0x0 contiki-dcg-mcmote.a(ctimer.o)
 .glue_7        0x0040c9f0        0x0 contiki-dcg-mcmote.a(stimer.o)
 .glue_7        0x0040c9f0        0x0 contiki-dcg-mcmote.a(random.o)
 .glue_7        0x0040c9f0        0x0 contiki-dcg-mcmote.a(ringbuf.o)
 .glue_7        0x0040c9f0        0x0 contiki-dcg-mcmote.a(uip-debug.o)
 .glue_7        0x0040c9f0        0x0 contiki-dcg-mcmote.a(packetbuf.o)
 .glue_7        0x0040c9f0        0x0 contiki-dcg-mcmote.a(queuebuf.o)
 .glue_7        0x0040c9f0        0x0 contiki-dcg-mcmote.a(uip6.o)
 .glue_7        0x0040c9f0        0x0 contiki-dcg-mcmote.a(tcpip.o)
 .glue_7        0x0040c9f0        0x0 contiki-dcg-mcmote.a(uip-icmp6.o)
 .glue_7        0x0040c9f0        0x0 contiki-dcg-mcmote.a(uip-nd6.o)
 .glue_7        0x0040c9f0        0x0 contiki-dcg-mcmote.a(sicslowpan.o)
 .glue_7        0x0040c9f0        0x0 contiki-dcg-mcmote.a(neighbor-info.o)
 .glue_7        0x0040c9f0        0x0 contiki-dcg-mcmote.a(uip-ds6.o)
 .glue_7        0x0040c9f0        0x0 contiki-dcg-mcmote.a(clock.o)
 .glue_7        0x0040c9f0        0x0 contiki-dcg-mcmote.a(button-sensor.o)
 .glue_7        0x0040c9f0        0x0 contiki-dcg-mcmote.a(sensors.o)
 .glue_7        0x0040c9f0        0x0 contiki-dcg-mcmote.a(watchdog.o)
 .glue_7        0x0040c9f0        0x0 contiki-dcg-mcmote.a(contiki-crm.o)
 .glue_7        0x0040c9f0        0x0 contiki-dcg-mcmote.a(contiki-maca.o)
 .glue_7        0x0040c9f0        0x0 contiki-dcg-mcmote.a(contiki-misc.o)
 .glue_7        0x0040c9f0        0x0 contiki-dcg-mcmote.a(leds.o)
 .glue_7        0x0040c9f0        0x0 contiki-dcg-mcmote.a(contiki-uart.o)
 .glue_7        0x0040c9f0        0x0 contiki-dcg-mcmote.a(dbg-printf.o)
 .glue_7        0x0040c9f0        0x0 contiki-dcg-mcmote.a(strformat.o)
 .glue_7        0x0040c9f0        0x0 contiki-dcg-mcmote.a(maca.o)
 .glue_7        0x0040c9f0        0x0 contiki-dcg-mcmote.a(nvm.o)
 .glue_7        0x0040c9f0        0x0 contiki-dcg-mcmote.a(uart1.o)
 .glue_7        0x0040c9f0        0x0 contiki-dcg-mcmote.a(default_lowleve)
 .glue_7        0x0040c9f0        0x0 contiki-dcg-mcmote.a(isr.o)
 .glue_7        0x0040c9f0        0x0 contiki-dcg-mcmote.a(frame802154.o)
 .glue_7        0x0040c9f0        0x0 contiki-dcg-mcmote.a(rpl.o)
 .glue_7        0x0040c9f0        0x0 contiki-dcg-mcmote.a(timer.o)
 .glue_7        0x0040c9f0        0x0 contiki-dcg-mcmote.a(neighbor-attr.o)
 .glue_7        0x0040c9f0        0x0 contiki-dcg-mcmote.a(debug-uart.o)
 .glue_7        0x0040c9f0        0x0 contiki-dcg-mcmote.a(leds-arch.o)
 .glue_7        0x0040c9f0        0x0 contiki-dcg-mcmote.a(uart2.o)
 .glue_7        0x0040c9f0        0x0 /opt/local/CodeSourcery/Sourcery_G++_Lite/bin/../lib/gcc/arm-none-eabi/4.3.2/libgcc.a(_udivsi3.o)
 .glue_7        0x0040c9f0        0x0 /opt/local/CodeSourcery/Sourcery_G++_Lite/bin/../lib/gcc/arm-none-eabi/4.3.2/libgcc.a(_divsi3.o)
 .glue_7        0x0040c9f0        0x0 /opt/local/CodeSourcery/Sourcery_G++_Lite/bin/../lib/gcc/arm-none-eabi/4.3.2/libgcc.a(_dvmd_tls.o)
 .glue_7        0x0040c9f0        0x0 /opt/local/CodeSourcery/Sourcery_G++_Lite/bin/../lib/gcc/arm-none-eabi/4.3.2/libgcc.a(_aeabi_uldivmod.o)
 .glue_7        0x0040c9f0        0x0 /opt/local/CodeSourcery/Sourcery_G++_Lite/bin/../lib/gcc/arm-none-eabi/4.3.2/libgcc.a(bpabi.o)
 .glue_7        0x0040c9f0        0x0 /opt/local/CodeSourcery/Sourcery_G++_Lite/bin/../lib/gcc/arm-none-eabi/4.3.2/libgcc.a(_divdi3.o)
 .glue_7        0x0040c9f0        0x0 /opt/local/CodeSourcery/Sourcery_G++_Lite/bin/../lib/gcc/arm-none-eabi/4.3.2/libgcc.a(_udivdi3.o)
 .glue_7        0x0040c9f0        0x0 /opt/local/CodeSourcery/Sourcery_G++_Lite/bin/../lib/gcc/arm-none-eabi/4.3.2/libgcc.a(_clz.o)
 .glue_7        0x0040c9f0        0x0 /opt/local/CodeSourcery/Sourcery_G++_Lite/bin/../lib/gcc/arm-none-eabi/4.3.2/../../../../arm-none-eabi/lib/libc.a(lib_a-ctype_.o)
 .glue_7        0x0040c9f0        0x0 /opt/local/CodeSourcery/Sourcery_G++_Lite/bin/../lib/gcc/arm-none-eabi/4.3.2/../../../../arm-none-eabi/lib/libc.a(lib_a-memcmp.o)
 .glue_7        0x0040c9f0        0x0 /opt/local/CodeSourcery/Sourcery_G++_Lite/bin/../lib/gcc/arm-none-eabi/4.3.2/../../../../arm-none-eabi/lib/libc.a(lib_a-memcpy.o)
 .glue_7        0x0040c9f0        0x0 /opt/local/CodeSourcery/Sourcery_G++_Lite/bin/../lib/gcc/arm-none-eabi/4.3.2/../../../../arm-none-eabi/lib/libc.a(lib_a-memmove.o)
 .glue_7        0x0040c9f0        0x0 /opt/local/CodeSourcery/Sourcery_G++_Lite/bin/../lib/gcc/arm-none-eabi/4.3.2/../../../../arm-none-eabi/lib/libc.a(lib_a-memset.o)
 .glue_7        0x0040c9f0        0x0 /opt/local/CodeSourcery/Sourcery_G++_Lite/bin/../lib/gcc/arm-none-eabi/4.3.2/../../../../arm-none-eabi/lib/libc.a(lib_a-strlen.o)
 .glue_7        0x0040c9f0        0x0 /opt/local/CodeSourcery/Sourcery_G++_Lite/bin/../lib/gcc/arm-none-eabi/4.3.2/../../../../arm-none-eabi/lib/libc.a(lib_a-strncmp.o)
 *(.vfp11_veneer)
 .vfp11_veneer  0x0040c9f0        0x0 udp-sink.co
 .vfp11_veneer  0x0040c9f0        0x0 obj_dcg-mcmote/collect-common.o
 .vfp11_veneer  0x0040c9f0        0x0 obj_dcg-mcmote/contiki-mc1322x-main.o
 .vfp11_veneer  0x0040c9f0        0x0 obj_dcg-mcmote/start.o
 .vfp11_veneer  0x0040c9f0        0x0 obj_dcg-mcmote/symbols.o
 .vfp11_veneer  0x0040c9f0        0x0 contiki-dcg-mcmote.a(rimeaddr.o)
 .vfp11_veneer  0x0040c9f0        0x0 contiki-dcg-mcmote.a(nullmac.o)
 .vfp11_veneer  0x0040c9f0        0x0 contiki-dcg-mcmote.a(nullrdc.o)
 .vfp11_veneer  0x0040c9f0        0x0 contiki-dcg-mcmote.a(mac.o)
 .vfp11_veneer  0x0040c9f0        0x0 contiki-dcg-mcmote.a(framer-802154.o)
 .vfp11_veneer  0x0040c9f0        0x0 contiki-dcg-mcmote.a(rpl-dag.o)
 .vfp11_veneer  0x0040c9f0        0x0 contiki-dcg-mcmote.a(rpl-icmp6.o)
 .vfp11_veneer  0x0040c9f0        0x0 contiki-dcg-mcmote.a(rpl-timers.o)
 .vfp11_veneer  0x0040c9f0        0x0 contiki-dcg-mcmote.a(rpl-of-etx.o)
 .vfp11_veneer  0x0040c9f0        0x0 contiki-dcg-mcmote.a(process.o)
 .vfp11_veneer  0x0040c9f0        0x0 contiki-dcg-mcmote.a(autostart.o)
 .vfp11_veneer  0x0040c9f0        0x0 contiki-dcg-mcmote.a(serial-line.o)
 .vfp11_veneer  0x0040c9f0        0x0 contiki-dcg-mcmote.a(memb.o)
 .vfp11_veneer  0x0040c9f0        0x0 contiki-dcg-mcmote.a(list.o)
 .vfp11_veneer  0x0040c9f0        0x0 contiki-dcg-mcmote.a(etimer.o)
 .vfp11_veneer  0x0040c9f0        0x0 contiki-dcg-mcmote.a(ctimer.o)
 .vfp11_veneer  0x0040c9f0        0x0 contiki-dcg-mcmote.a(stimer.o)
 .vfp11_veneer  0x0040c9f0        0x0 contiki-dcg-mcmote.a(random.o)
 .vfp11_veneer  0x0040c9f0        0x0 contiki-dcg-mcmote.a(ringbuf.o)
 .vfp11_veneer  0x0040c9f0        0x0 contiki-dcg-mcmote.a(uip-debug.o)
 .vfp11_veneer  0x0040c9f0        0x0 contiki-dcg-mcmote.a(packetbuf.o)
 .vfp11_veneer  0x0040c9f0        0x0 contiki-dcg-mcmote.a(queuebuf.o)
 .vfp11_veneer  0x0040c9f0        0x0 contiki-dcg-mcmote.a(uip6.o)
 .vfp11_veneer  0x0040c9f0        0x0 contiki-dcg-mcmote.a(tcpip.o)
 .vfp11_veneer  0x0040c9f0        0x0 contiki-dcg-mcmote.a(uip-icmp6.o)
 .vfp11_veneer  0x0040c9f0        0x0 contiki-dcg-mcmote.a(uip-nd6.o)
 .vfp11_veneer  0x0040c9f0        0x0 contiki-dcg-mcmote.a(sicslowpan.o)
 .vfp11_veneer  0x0040c9f0        0x0 contiki-dcg-mcmote.a(neighbor-info.o)
 .vfp11_veneer  0x0040c9f0        0x0 contiki-dcg-mcmote.a(uip-ds6.o)
 .vfp11_veneer  0x0040c9f0        0x0 contiki-dcg-mcmote.a(clock.o)
 .vfp11_veneer  0x0040c9f0        0x0 contiki-dcg-mcmote.a(button-sensor.o)
 .vfp11_veneer  0x0040c9f0        0x0 contiki-dcg-mcmote.a(sensors.o)
 .vfp11_veneer  0x0040c9f0        0x0 contiki-dcg-mcmote.a(watchdog.o)
 .vfp11_veneer  0x0040c9f0        0x0 contiki-dcg-mcmote.a(contiki-crm.o)
 .vfp11_veneer  0x0040c9f0        0x0 contiki-dcg-mcmote.a(contiki-maca.o)
 .vfp11_veneer  0x0040c9f0        0x0 contiki-dcg-mcmote.a(contiki-misc.o)
 .vfp11_veneer  0x0040c9f0        0x0 contiki-dcg-mcmote.a(leds.o)
 .vfp11_veneer  0x0040c9f0        0x0 contiki-dcg-mcmote.a(contiki-uart.o)
 .vfp11_veneer  0x0040c9f0        0x0 contiki-dcg-mcmote.a(dbg-printf.o)
 .vfp11_veneer  0x0040c9f0        0x0 contiki-dcg-mcmote.a(strformat.o)
 .vfp11_veneer  0x0040c9f0        0x0 contiki-dcg-mcmote.a(maca.o)
 .vfp11_veneer  0x0040c9f0        0x0 contiki-dcg-mcmote.a(nvm.o)
 .vfp11_veneer  0x0040c9f0        0x0 contiki-dcg-mcmote.a(uart1.o)
 .vfp11_veneer  0x0040c9f0        0x0 contiki-dcg-mcmote.a(default_lowleve)
 .vfp11_veneer  0x0040c9f0        0x0 contiki-dcg-mcmote.a(isr.o)
 .vfp11_veneer  0x0040c9f0        0x0 contiki-dcg-mcmote.a(frame802154.o)
 .vfp11_veneer  0x0040c9f0        0x0 contiki-dcg-mcmote.a(rpl.o)
 .vfp11_veneer  0x0040c9f0        0x0 contiki-dcg-mcmote.a(timer.o)
 .vfp11_veneer  0x0040c9f0        0x0 contiki-dcg-mcmote.a(neighbor-attr.o)
 .vfp11_veneer  0x0040c9f0        0x0 contiki-dcg-mcmote.a(debug-uart.o)
 .vfp11_veneer  0x0040c9f0        0x0 contiki-dcg-mcmote.a(leds-arch.o)
 .vfp11_veneer  0x0040c9f0        0x0 contiki-dcg-mcmote.a(uart2.o)
 .vfp11_veneer  0x0040c9f0        0x0 /opt/local/CodeSourcery/Sourcery_G++_Lite/bin/../lib/gcc/arm-none-eabi/4.3.2/libgcc.a(_udivsi3.o)
 .vfp11_veneer  0x0040c9f0        0x0 /opt/local/CodeSourcery/Sourcery_G++_Lite/bin/../lib/gcc/arm-none-eabi/4.3.2/libgcc.a(_divsi3.o)
 .vfp11_veneer  0x0040c9f0        0x0 /opt/local/CodeSourcery/Sourcery_G++_Lite/bin/../lib/gcc/arm-none-eabi/4.3.2/libgcc.a(_dvmd_tls.o)
 .vfp11_veneer  0x0040c9f0        0x0 /opt/local/CodeSourcery/Sourcery_G++_Lite/bin/../lib/gcc/arm-none-eabi/4.3.2/libgcc.a(_aeabi_uldivmod.o)
 .vfp11_veneer  0x0040c9f0        0x0 /opt/local/CodeSourcery/Sourcery_G++_Lite/bin/../lib/gcc/arm-none-eabi/4.3.2/libgcc.a(bpabi.o)
 .vfp11_veneer  0x0040c9f0        0x0 /opt/local/CodeSourcery/Sourcery_G++_Lite/bin/../lib/gcc/arm-none-eabi/4.3.2/libgcc.a(_divdi3.o)
 .vfp11_veneer  0x0040c9f0        0x0 /opt/local/CodeSourcery/Sourcery_G++_Lite/bin/../lib/gcc/arm-none-eabi/4.3.2/libgcc.a(_udivdi3.o)